INFO: [VRFC 10-2263] Analyzing Verilog file "D:/coding/verilog/xc7k70t/project_fifo/project_fifo.gen/sources_1/ip/fifo_16x64/sim/fifo_16x64.v" into library xil_defaultlib
INFO: [VRFC 10-311] analyzing module fifo_16x64
INFO: [VRFC 10-2263] Analyzing Verilog file "D:/coding/verilog/xc7k70t/project_fifo/project_fifo.gen/sources_1/ip/fifo_32x64_standard/sim/fifo_32x64_standard.v" into library xil_defaultlib
INFO: [VRFC 10-311] analyzing module fifo_32x64_standard
INFO: [VRFC 10-2263] Analyzing Verilog file "D:/coding/verilog/xc7k70t/project_fifo/project_fifo.gen/sources_1/ip/fifo_16x64_standard/sim/fifo_16x64_standard.v" into library xil_defaultlib
INFO: [VRFC 10-311] analyzing module fifo_16x64_standard
INFO: [VRFC 10-2263] Analyzing Verilog file "D:/coding/verilog/xc7k70t/project_fifo/project_fifo.gen/sources_1/ip/fifo_10x512_standard_sync/sim/fifo_10x512_standard_sync.v" into library xil_defaultlib
INFO: [VRFC 10-311] analyzing module fifo_10x512_standard_sync
INFO: [VRFC 10-2263] Analyzing Verilog file "D:/coding/verilog/xc7k70t/project_fifo/project_fifo.gen/sources_1/ip/fifo_19x256_fwft_sync/sim/fifo_19x256_fwft_sync.v" into library xil_defaultlib
INFO: [VRFC 10-311] analyzing module fifo_19x256_fwft_sync
INFO: [VRFC 10-2263] Analyzing Verilog file "D:/coding/verilog/xc7k70t/project_fifo/project_fifo.gen/sources_1/ip/fifo_36x128_fwft_sync/sim/fifo_36x128_fwft_sync.v" into library xil_defaultlib
INFO: [VRFC 10-311] analyzing module fifo_36x128_fwft_sync
INFO: [VRFC 10-2263] Analyzing Verilog file "D:/coding/verilog/xc7k70t/project_fifo/project_fifo.gen/sources_1/ip/fifo_19x256_standard_sync/sim/fifo_19x256_standard_sync.v" into library xil_defaultlib
INFO: [VRFC 10-311] analyzing module fifo_19x256_standard_sync
INFO: [VRFC 10-2263] Analyzing Verilog file "D:/coding/verilog/xc7k70t/project_fifo/project_fifo.gen/sources_1/ip/fifo_36x256_standard_sync/sim/fifo_36x256_standard_sync.v" into library xil_defaultlib
INFO: [VRFC 10-311] analyzing module fifo_36x256_standard_sync
INFO: [VRFC 10-2263] Analyzing Verilog file "D:/coding/verilog/xc7k70t/project_fifo/project_fifo.gen/sources_1/ip/fifo_8x2048_standard_sync/sim/fifo_8x2048_standard_sync.v" into library xil_defaultlib
INFO: [VRFC 10-311] analyzing module fifo_8x2048_standard_sync
INFO: [VRFC 10-2263] Analyzing Verilog file "D:/coding/verilog/xc7k70t/project_fifo/project_fifo.gen/sources_1/ip/fifo_10x512_fwft_sync/sim/fifo_10x512_fwft_sync.v" into library xil_defaultlib
INFO: [VRFC 10-311] analyzing module fifo_10x512_fwft_sync
INFO: [VRFC 10-2263] Analyzing Verilog file "D:/coding/verilog/xc7k70t/project_fifo/project_fifo.gen/sources_1/ip/fifo_36x512_fwft_sync/sim/fifo_36x512_fwft_sync.v" into library xil_defaultlib
INFO: [VRFC 10-311] analyzing module fifo_36x512_fwft_sync
INFO: [VRFC 10-2263] Analyzing Verilog file "D:/coding/verilog/xc7k70t/project_fifo/project_fifo.gen/sources_1/ip/fifo_1x32_standard_sync/sim/fifo_1x32_standard_sync.v" into library xil_defaultlib
INFO: [VRFC 10-311] analyzing module fifo_1x32_standard_sync
INFO: [VRFC 10-2263] Analyzing Verilog file "D:/coding/verilog/xc7k70t/project_fifo/project_fifo.gen/sources_1/ip/fifo_16x128_standard_async/sim/fifo_16x128_standard_async.v" into library xil_defaultlib
INFO: [VRFC 10-311] analyzing module fifo_16x128_standard_async
INFO: [VRFC 10-2263] Analyzing Verilog file "D:/coding/verilog/xc7k70t/project_fifo/project_fifo.gen/sources_1/ip/fifo_10x256_fwft_async/sim/fifo_10x256_fwft_async.v" into library xil_defaultlib
INFO: [VRFC 10-311] analyzing module fifo_10x256_fwft_async
INFO: [VRFC 10-2263] Analyzing Verilog file "D:/coding/verilog/xc7k70t/project_fifo/project_fifo.gen/sources_1/ip/fifo_1x32_standard_async/sim/fifo_1x32_standard_async.v" into library xil_defaultlib
INFO: [VRFC 10-311] analyzing module fifo_1x32_standard_async
INFO: [VRFC 10-2263] Analyzing Verilog file "D:/coding/verilog/xc7k70t/project_fifo/project_fifo.srcs/sources_1/new/fifo_1_1.v" into library xil_defaultlib
INFO: [VRFC 10-311] analyzing module fifo_1_1
INFO: [VRFC 10-2263] Analyzing Verilog file "D:/coding/verilog/xc7k70t/project_fifo/project_fifo.srcs/sources_1/new/fifo_1_2.v" into library xil_defaultlib
INFO: [VRFC 10-311] analyzing module fifo_1_2
INFO: [VRFC 10-2263] Analyzing Verilog file "D:/coding/verilog/xc7k70t/project_fifo/project_fifo.srcs/sources_1/new/fifo_1_3.v" into library xil_defaultlib
INFO: [VRFC 10-311] analyzing module fifo_1_3
INFO: [VRFC 10-2263] Analyzing Verilog file "D:/coding/verilog/xc7k70t/project_fifo/project_fifo.srcs/sources_1/new/fifo_1_4.v" into library xil_defaultlib
INFO: [VRFC 10-311] analyzing module fifo_1_4
INFO: [VRFC 10-2263] Analyzing Verilog file "D:/coding/verilog/xc7k70t/project_fifo/project_fifo.srcs/sources_1/new/fifo_1_5.v" into library xil_defaultlib
INFO: [VRFC 10-311] analyzing module fifo_1_5
INFO: [VRFC 10-2263] Analyzing Verilog file "D:/coding/verilog/xc7k70t/project_fifo/project_fifo.srcs/sources_1/new/fifo_1_6.v" into library xil_defaultlib
INFO: [VRFC 10-311] analyzing module fifo_1_6
INFO: [VRFC 10-2263] Analyzing Verilog file "D:/coding/verilog/xc7k70t/project_fifo/project_fifo.srcs/sources_1/new/fifo_1_7.v" into library xil_defaultlib
INFO: [VRFC 10-311] analyzing module fifo_1_7
INFO: [VRFC 10-2263] Analyzing Verilog file "D:/coding/verilog/xc7k70t/project_fifo/project_fifo.srcs/sources_1/new/fifo_1_8.v" into library xil_defaultlib
INFO: [VRFC 10-311] analyzing module fifo_1_8
INFO: [VRFC 10-2263] Analyzing Verilog file "D:/coding/verilog/xc7k70t/project_fifo/project_fifo.srcs/sources_1/new/fifo_1_9.v" into library xil_defaultlib
INFO: [VRFC 10-311] analyzing module fifo_1_9
INFO: [VRFC 10-2263] Analyzing Verilog file "D:/coding/verilog/xc7k70t/project_fifo/project_fifo.srcs/sources_1/new/fifo_1_10.v" into library xil_defaultlib
INFO: [VRFC 10-311] analyzing module fifo_1_10
INFO: [VRFC 10-2263] Analyzing Verilog file "D:/coding/verilog/xc7k70t/project_fifo/project_fifo.srcs/sources_1/new/fifo_2_1.v" into library xil_defaultlib
INFO: [VRFC 10-311] analyzing module fifo_2_1
INFO: [VRFC 10-2263] Analyzing Verilog file "D:/coding/verilog/xc7k70t/project_fifo/project_fifo.srcs/sources_1/new/fifo_2_2.v" into library xil_defaultlib
INFO: [VRFC 10-311] analyzing module fifo_2_2
INFO: [VRFC 10-2263] Analyzing Verilog file "D:/coding/verilog/xc7k70t/project_fifo/project_fifo.srcs/sources_1/new/fifo_2_3.v" into library xil_defaultlib
INFO: [VRFC 10-311] analyzing module fifo_2_3
INFO: [VRFC 10-2263] Analyzing Verilog file "D:/coding/verilog/xc7k70t/project_fifo/project_fifo.srcs/sources_1/new/fifo_2_4.v" into library xil_defaultlib
INFO: [VRFC 10-311] analyzing module fifo_2_4
INFO: [VRFC 10-2458] undeclared symbol w_data_full, assumed default net type wire [D:/coding/verilog/xc7k70t/project_fifo/project_fifo.srcs/sources_1/new/fifo_2_4.v:50]
INFO: [VRFC 10-2458] undeclared symbol w_data_empty, assumed default net type wire [D:/coding/verilog/xc7k70t/project_fifo/project_fifo.srcs/sources_1/new/fifo_2_4.v:51]
INFO: [VRFC 10-2458] undeclared symbol w_eop_empty, assumed default net type wire [D:/coding/verilog/xc7k70t/project_fifo/project_fifo.srcs/sources_1/new/fifo_2_4.v:60]
INFO: [VRFC 10-2263] Analyzing Verilog file "D:/coding/verilog/xc7k70t/project_fifo/project_fifo.srcs/sources_1/new/fifo_2_5.v" into library xil_defaultlib
INFO: [VRFC 10-311] analyzing module fifo_2_5
INFO: [VRFC 10-2263] Analyzing Verilog file "D:/coding/verilog/xc7k70t/project_fifo/project_fifo.srcs/sources_1/new/fifo_2_6.v" into library xil_defaultlib
INFO: [VRFC 10-311] analyzing module fifo_2_6
INFO: [VRFC 10-2263] Analyzing Verilog file "D:/coding/verilog/xc7k70t/project_fifo/project_fifo.srcs/sources_1/new/fifo_2_7.v" into library xil_defaultlib
INFO: [VRFC 10-311] analyzing module fifo_2_7
INFO: [VRFC 10-2263] Analyzing Verilog file "D:/coding/verilog/xc7k70t/project_fifo/project_fifo.srcs/sources_1/new/fifo_2_8.v" into library xil_defaultlib
INFO: [VRFC 10-311] analyzing module fifo_2_8
INFO: [VRFC 10-2263] Analyzing Verilog file "D:/coding/verilog/xc7k70t/project_fifo/project_fifo.srcs/sources_1/new/fifo_2_9.v" into library xil_defaultlib
INFO: [VRFC 10-311] analyzing module fifo_2_9
INFO: [VRFC 10-2263] Analyzing Verilog file "D:/coding/verilog/xc7k70t/project_fifo/project_fifo.srcs/sim_1/new/fifo_1_9_tb.v" into library xil_defaultlib
INFO: [VRFC 10-311] analyzing module fifo_1_9_tb
INFO: [VRFC 10-2263] Analyzing Verilog file "D:/coding/verilog/xc7k70t/project_fifo/project_fifo.srcs/sim_1/new/fifo_1_8_tb.v" into library xil_defaultlib
INFO: [VRFC 10-311] analyzing module fifo_1_8_tb
INFO: [VRFC 10-2263] Analyzing Verilog file "D:/coding/verilog/xc7k70t/project_fifo/project_fifo.srcs/sim_1/new/fifo_1_7_tb.v" into library xil_defaultlib
INFO: [VRFC 10-311] analyzing module fifo_1_7_tb
INFO: [VRFC 10-2263] Analyzing Verilog file "D:/coding/verilog/xc7k70t/project_fifo/project_fifo.srcs/sim_1/new/fifo_1_6_tb.v" into library xil_defaultlib
INFO: [VRFC 10-311] analyzing module fifo_1_6_tb
INFO: [VRFC 10-2263] Analyzing Verilog file "D:/coding/verilog/xc7k70t/project_fifo/project_fifo.srcs/sim_1/new/fifo_1_5_tb.v" into library xil_defaultlib
INFO: [VRFC 10-311] analyzing module fifo_1_5_tb
INFO: [VRFC 10-2263] Analyzing Verilog file "D:/coding/verilog/xc7k70t/project_fifo/project_fifo.srcs/sim_1/new/fifo_1_4_tb.v" into library xil_defaultlib
INFO: [VRFC 10-311] analyzing module fifo_1_4_tb
INFO: [VRFC 10-2263] Analyzing Verilog file "D:/coding/verilog/xc7k70t/project_fifo/project_fifo.srcs/sim_1/new/fifo_1_3_tb.v" into library xil_defaultlib
INFO: [VRFC 10-311] analyzing module fifo_1_3_tb
INFO: [VRFC 10-2263] Analyzing Verilog file "D:/coding/verilog/xc7k70t/project_fifo/project_fifo.srcs/sim_1/new/fifo_1_2_tb.v" into library xil_defaultlib
INFO: [VRFC 10-311] analyzing module fifo_1_2_tb
INFO: [VRFC 10-2263] Analyzing Verilog file "D:/coding/verilog/xc7k70t/project_fifo/project_fifo.srcs/sim_1/new/fifo_1_1_tb.v" into library xil_defaultlib
INFO: [VRFC 10-311] analyzing module fifo_1_1_tb
INFO: [VRFC 10-2263] Analyzing Verilog file "D:/coding/verilog/xc7k70t/project_fifo/project_fifo.srcs/sim_1/new/fifo_1_10_tb.v" into library xil_defaultlib
INFO: [VRFC 10-311] analyzing module fifo_1_10_tb
INFO: [VRFC 10-2263] Analyzing Verilog file "D:/coding/verilog/xc7k70t/project_fifo/project_fifo.srcs/sim_1/new/fifo_2_2_tb.v" into library xil_defaultlib
INFO: [VRFC 10-311] analyzing module fifo_2_2_tb
INFO: [VRFC 10-2263] Analyzing Verilog file "D:/coding/verilog/xc7k70t/project_fifo/project_fifo.srcs/sim_1/new/fifo_2_3_tb.v" into library xil_defaultlib
INFO: [VRFC 10-311] analyzing module fifo_2_3_tb
INFO: [VRFC 10-2263] Analyzing Verilog file "D:/coding/verilog/xc7k70t/project_fifo/project_fifo.srcs/sim_1/new/fifo_2_4_tb.v" into library xil_defaultlib
INFO: [VRFC 10-311] analyzing module fifo_2_4_tb
INFO: [VRFC 10-2263] Analyzing Verilog file "D:/coding/verilog/xc7k70t/project_fifo/project_fifo.srcs/sim_1/new/fifo_2_5_tb.v" into library xil_defaultlib
INFO: [VRFC 10-311] analyzing module fifo_2_5_tb
INFO: [VRFC 10-2263] Analyzing Verilog file "D:/coding/verilog/xc7k70t/project_fifo/project_fifo.srcs/sim_1/new/fifo_2_6_tb.v" into library xil_defaultlib
INFO: [VRFC 10-311] analyzing module fifo_2_6_tb
INFO: [VRFC 10-2263] Analyzing Verilog file "D:/coding/verilog/xc7k70t/project_fifo/project_fifo.srcs/sim_1/new/fifo_2_7_tb.v" into library xil_defaultlib
INFO: [VRFC 10-311] analyzing module fifo_2_7_tb
INFO: [VRFC 10-2263] Analyzing Verilog file "D:/coding/verilog/xc7k70t/project_fifo/project_fifo.srcs/sim_1/new/fifo_2_8_tb.v" into library xil_defaultlib
INFO: [VRFC 10-311] analyzing module fifo_2_8_tb
INFO: [VRFC 10-2263] Analyzing Verilog file "D:/coding/verilog/xc7k70t/project_fifo/project_fifo.srcs/sim_1/new/fifo_2_9_tb.v" into library xil_defaultlib
INFO: [VRFC 10-311] analyzing module fifo_2_9_tb
INFO: [VRFC 10-2458] undeclared symbol dout, assumed default net type wire [D:/coding/verilog/xc7k70t/project_fifo/project_fifo.srcs/sim_1/new/fifo_2_9_tb.v:55]
INFO: [VRFC 10-2458] undeclared symbol dout_sop, assumed default net type wire [D:/coding/verilog/xc7k70t/project_fifo/project_fifo.srcs/sim_1/new/fifo_2_9_tb.v:56]
INFO: [VRFC 10-2458] undeclared symbol dout_eop, assumed default net type wire [D:/coding/verilog/xc7k70t/project_fifo/project_fifo.srcs/sim_1/new/fifo_2_9_tb.v:57]
INFO: [VRFC 10-2458] undeclared symbol dout_vld, assumed default net type wire [D:/coding/verilog/xc7k70t/project_fifo/project_fifo.srcs/sim_1/new/fifo_2_9_tb.v:58]
INFO: [VRFC 10-2458] undeclared symbol dout_chan, assumed default net type wire [D:/coding/verilog/xc7k70t/project_fifo/project_fifo.srcs/sim_1/new/fifo_2_9_tb.v:59]
