#-----------------------------------------------------------
# xsim v2020.2 (64-bit)
# SW Build 3064766 on Wed Nov 18 09:12:45 MST 2020
# IP Build 3064653 on Wed Nov 18 14:17:31 MST 2020
# Start of session at: Tue Sep 29 21:50:03 2026
# Process ID: 12380
# Current directory: D:/coding/verilog/xc7k70t/project_fifo/sim_verify/mut42a
# Command line: xsim.exe -log sim_chk_fifo_4_2.log -mode tcl -source {xsim.dir/chk_fifo_4_2_snap/xsim_script.tcl}
# Log file: D:/coding/verilog/xc7k70t/project_fifo/sim_verify/mut42a/sim_chk_fifo_4_2.log
# Journal file: D:/coding/verilog/xc7k70t/project_fifo/sim_verify/mut42a\xsim.jou
#-----------------------------------------------------------
source xsim.dir/chk_fifo_4_2_snap/xsim_script.tcl
# xsim {chk_fifo_4_2_snap} -autoloadwcfg -runall
Vivado Simulator 2020.2
Time resolution is 1 ps
run -all
chk fifo_4_2: per packet header(bytes,sop) + checksum + data(eop), silence when idle
  use case: packet <= 250 bytes = 125 words
ERROR t=330000: beat #2 data got 0000 expected 0011
ERROR t=1570000: beat #5 data got 0020 expected 0041
ERROR t=2830000: beat #9 data got 0061 expected 0093
ERROR t=4130000: beat #14 data got 0406 expected 050a
ERROR t=9290000: beat #39 data got 0002 expected 0003
ERROR t=10890000: beat #47 data got 4cab expected 50be
ERROR t=13330000: beat #69 data got 7527 expected 7b64
ERROR t=15790000: beat #133 data got b964 expected c0a2
--------------------------------------------------
chk fifo_4_2 : expected beats = 479, observed beats = 479
RESULT chk fifo_4_2: FAIL (15 error(s))
--------------------------------------------------
$finish called at time : 51411 ns : File "D:/coding/verilog/xc7k70t/project_fifo/sim_verify/chk_fifo_4_2.v" Line 145
exit
INFO: [Common 17-206] Exiting xsim at Tue Sep 29 21:50:06 2026...
