#-----------------------------------------------------------
# xsim v2020.2 (64-bit)
# SW Build 3064766 on Wed Nov 18 09:12:45 MST 2020
# IP Build 3064653 on Wed Nov 18 14:17:31 MST 2020
# Start of session at: Tue Sep 29 21:25:57 2026
# Process ID: 16008
# Current directory: D:/coding/verilog/xc7k70t/project_fifo/sim_verify/mut42a
# Command line: xsim.exe -log sim_chk_fifo_4_2.log -mode tcl -source {xsim.dir/chk_fifo_4_2_snap/xsim_script.tcl}
# Log file: D:/coding/verilog/xc7k70t/project_fifo/sim_verify/mut42a/sim_chk_fifo_4_2.log
# Journal file: D:/coding/verilog/xc7k70t/project_fifo/sim_verify/mut42a\xsim.jou
#-----------------------------------------------------------
source xsim.dir/chk_fifo_4_2_snap/xsim_script.tcl
# xsim {chk_fifo_4_2_snap} -autoloadwcfg -runall
Vivado Simulator 2020.2
Time resolution is 1 ps
run -all
chk fifo_4_2: per packet header(count,sop) + checksum + data(eop), silence when idle
ERROR t=330000: beat #2 data got 0000 expected 0011
ERROR t=1570000: beat #5 data got 0020 expected 0041
ERROR t=2830000: beat #9 data got 0061 expected 0093
ERROR t=4130000: beat #14 data got 0406 expected 050a
ERROR t=9290000: beat #39 data got 0002 expected 0003
ERROR t=10890000: beat #47 data got 4cab expected 50be
ERROR t=17190000: beat #69 data got 6d8b expected 7689
ERROR t=22350000: beat #326 data got 00c1 expected 0123
--------------------------------------------------
chk fifo_4_2 : expected beats = 353, observed beats = 353
RESULT chk fifo_4_2: FAIL (13 error(s))
--------------------------------------------------
$finish called at time : 45411 ns : File "D:/coding/verilog/xc7k70t/project_fifo/sim_verify/chk_fifo_4_2.v" Line 131
exit
INFO: [Common 17-206] Exiting xsim at Tue Sep 29 21:26:03 2026...
