#-----------------------------------------------------------
# xsim v2020.2 (64-bit)
# SW Build 3064766 on Wed Nov 18 09:12:45 MST 2020
# IP Build 3064653 on Wed Nov 18 14:17:31 MST 2020
# Start of session at: Tue Sep 29 21:26:46 2026
# Process ID: 25840
# Current directory: D:/coding/verilog/xc7k70t/project_fifo/sim_verify/mut42c
# Command line: xsim.exe -log sim_chk_fifo_4_2.log -mode tcl -source {xsim.dir/chk_fifo_4_2_snap/xsim_script.tcl}
# Log file: D:/coding/verilog/xc7k70t/project_fifo/sim_verify/mut42c/sim_chk_fifo_4_2.log
# Journal file: D:/coding/verilog/xc7k70t/project_fifo/sim_verify/mut42c\xsim.jou
#-----------------------------------------------------------
source xsim.dir/chk_fifo_4_2_snap/xsim_script.tcl
# xsim {chk_fifo_4_2_snap} -autoloadwcfg -runall
Vivado Simulator 2020.2
Time resolution is 1 ps
run -all
chk fifo_4_2: per packet header(count,sop) + checksum + data(eop), silence when idle
--------------------------------------------------
chk fifo_4_2 : expected beats = 353, observed beats = 353
RESULT chk fifo_4_2: PASS (header + checksum + data per packet, nothing in between)
--------------------------------------------------
$finish called at time : 45411 ns : File "D:/coding/verilog/xc7k70t/project_fifo/sim_verify/chk_fifo_4_2.v" Line 131
exit
INFO: [Common 17-206] Exiting xsim at Tue Sep 29 21:26:52 2026...
