#-----------------------------------------------------------
# xsim v2020.2 (64-bit)
# SW Build 3064766 on Wed Nov 18 09:12:45 MST 2020
# IP Build 3064653 on Wed Nov 18 14:17:31 MST 2020
# Start of session at: Mon Sep 28 21:07:55 2026
# Process ID: 2976
# Current directory: D:/coding/verilog/xc7k70t/project_fifo/sim_verify/fixrun
# Command line: xsim.exe -log sim_probe_long_fifo_3_3.log -mode tcl -source {xsim.dir/probe_long_fifo_3_3_snap/xsim_script.tcl}
# Log file: D:/coding/verilog/xc7k70t/project_fifo/sim_verify/fixrun/sim_probe_long_fifo_3_3.log
# Journal file: D:/coding/verilog/xc7k70t/project_fifo/sim_verify/fixrun\xsim.jou
#-----------------------------------------------------------
source xsim.dir/probe_long_fifo_3_3_snap/xsim_script.tcl
# xsim {probe_long_fifo_3_3_snap} -autoloadwcfg -runall
Vivado Simulator 2020.2
Time resolution is 1 ps
run -all
probe long fifo_3_3 : data FIFO is 256 words deep
  pkt1  256 words: sent 256 words -> beats=397 sop=1 eop=142 first=0100 last=01ff
  pkt2  300 words: sent 300 words -> beats=663 sop=1 eop=597 first=01ff last=022b
  pkt3    3 words: sent 3 words -> beats=403 sop=1 eop=401 first=022b last=0302
--------------------------------------------------
probe long fifo_3_3 : a packet longer than the 256-word data FIFO cannot be
  held until its eop mark arrives; the overrun words (including eop) are lost
  and the mark is never consumed, so every later packet is judged against a
  stale mark and is no longer store-and-forward.
--------------------------------------------------
$finish called at time : 39371 ns : File "D:/coding/verilog/xc7k70t/project_fifo/sim_verify/probe_long_fifo_3_3.v" Line 67
exit
INFO: [Common 17-206] Exiting xsim at Mon Sep 28 21:08:00 2026...
