#-----------------------------------------------------------
# xsim v2020.2 (64-bit)
# SW Build 3064766 on Wed Nov 18 09:12:45 MST 2020
# IP Build 3064653 on Wed Nov 18 14:17:31 MST 2020
# Start of session at: Mon Sep 28 21:06:34 2026
# Process ID: 2008
# Current directory: D:/coding/verilog/xc7k70t/project_fifo/sim_verify/fixrun
# Command line: xsim.exe -log sim_chk_fifo_3_3.log -mode tcl -source {xsim.dir/chk_fifo_3_3_snap/xsim_script.tcl}
# Log file: D:/coding/verilog/xc7k70t/project_fifo/sim_verify/fixrun/sim_chk_fifo_3_3.log
# Journal file: D:/coding/verilog/xc7k70t/project_fifo/sim_verify/fixrun\xsim.jou
#-----------------------------------------------------------
source xsim.dir/chk_fifo_3_3_snap/xsim_script.tcl
# xsim {chk_fifo_3_3_snap} -autoloadwcfg -runall
Vivado Simulator 2020.2
Time resolution is 1 ps
run -all
chk fifo_3_3: err-free packets whole, eop-err packets dropped, non-eop err ignored
--------------------------------------------------
chk fifo_3_3 : expected beats = 45, observed beats = 45
RESULT chk fifo_3_3: PASS (err-free packets whole, eop-err packets dropped)
--------------------------------------------------
$finish called at time : 16551 ns : File "D:/coding/verilog/xc7k70t/project_fifo/sim_verify/chk_fifo_3_3.v" Line 95
exit
INFO: [Common 17-206] Exiting xsim at Mon Sep 28 21:06:38 2026...
