#-----------------------------------------------------------
# xsim v2020.2 (64-bit)
# SW Build 3064766 on Wed Nov 18 09:12:45 MST 2020
# IP Build 3064653 on Wed Nov 18 14:17:31 MST 2020
# Start of session at: Mon Sep 28 21:09:46 2026
# Process ID: 16548
# Current directory: D:/coding/verilog/xc7k70t/project_fifo/sim_verify/fixrun
# Command line: xsim.exe -log sim_probe_long_fifo_3_3.log -mode tcl -source {xsim.dir/probe_long_fifo_3_3_snap/xsim_script.tcl}
# Log file: D:/coding/verilog/xc7k70t/project_fifo/sim_verify/fixrun/sim_probe_long_fifo_3_3.log
# Journal file: D:/coding/verilog/xc7k70t/project_fifo/sim_verify/fixrun\xsim.jou
#-----------------------------------------------------------
source xsim.dir/probe_long_fifo_3_3_snap/xsim_script.tcl
# xsim {probe_long_fifo_3_3_snap} -autoloadwcfg -runall
Vivado Simulator 2020.2
Time resolution is 1 ps
run -all
probe long fifo_3_3 : data FIFO is 256 words deep
  pkt1  256 words: sent 256 words -> beats=256 sop=1 eop=1 first=1000 last=10ff
  pkt2  300 words: sent 300 words -> beats=258 sop=1 eop=0 first=2000 last=2101
  pkt3    3 words: sent 3 words -> beats=3 sop=1 eop=1 first=3000 last=3002
--------------------------------------------------
probe long fifo_3_3 : expected 256/1/1, 300/1/1, 3/1/1
--------------------------------------------------
$finish called at time : 39371 ns : File "D:/coding/verilog/xc7k70t/project_fifo/sim_verify/probe_long_fifo_3_3.v" Line 70
exit
INFO: [Common 17-206] Exiting xsim at Mon Sep 28 21:09:48 2026...
