#-----------------------------------------------------------
# xsim v2020.2 (64-bit)
# SW Build 3064766 on Wed Nov 18 09:12:45 MST 2020
# IP Build 3064653 on Wed Nov 18 14:17:31 MST 2020
# Start of session at: Mon Sep 28 21:08:43 2026
# Process ID: 25676
# Current directory: D:/coding/verilog/xc7k70t/project_fifo/sim_verify/fixrun
# Command line: xsim.exe -log sim_probe_trace_fifo_3_3.log -mode tcl -source {xsim.dir/probe_trace_fifo_3_3_snap/xsim_script.tcl}
# Log file: D:/coding/verilog/xc7k70t/project_fifo/sim_verify/fixrun/sim_probe_trace_fifo_3_3.log
# Journal file: D:/coding/verilog/xc7k70t/project_fifo/sim_verify/fixrun\xsim.jou
#-----------------------------------------------------------
source xsim.dir/probe_trace_fifo_3_3_snap/xsim_script.tcl
# xsim {probe_trace_fifo_3_3_snap} -autoloadwcfg -runall
Vivado Simulator 2020.2
Time resolution is 1 ps
run -all
probe trace fifo_3_3: one 256-word packet, din = 0..255, sop@0 eop@255
  beat 1: data=0 sop=1 eop=0 t=5390000
  beat 2: data=1 sop=0 eop=0 t=5410000
  beat 3: data=2 sop=0 eop=0 t=5430000
  beat 4: data=3 sop=0 eop=0 t=5450000
  beat 5: data=4 sop=0 eop=0 t=5470000
  beat 6: data=5 sop=0 eop=0 t=5490000
  beat 7: data=6 sop=0 eop=0 t=5510000
  beat 8: data=7 sop=0 eop=0 t=5530000
  beat 9: data=8 sop=0 eop=0 t=5550000
  beat 10: data=9 sop=0 eop=0 t=5570000
  beat 11: data=10 sop=0 eop=0 t=5590000
  beat 12: data=11 sop=0 eop=0 t=5610000
  beat 13: data=12 sop=0 eop=0 t=5630000
  beat 14: data=13 sop=0 eop=0 t=5650000
  beat 15: data=14 sop=0 eop=0 t=5670000
  beat 16: data=15 sop=0 eop=0 t=5690000
  beat 17: data=16 sop=0 eop=0 t=5710000
  beat 18: data=17 sop=0 eop=0 t=5730000
  beat 19: data=18 sop=0 eop=0 t=5750000
  beat 20: data=19 sop=0 eop=0 t=5770000
  beat 21: data=20 sop=0 eop=0 t=5790000
  beat 22: data=21 sop=0 eop=0 t=5810000
  beat 23: data=22 sop=0 eop=0 t=5830000
  beat 24: data=23 sop=0 eop=0 t=5850000
  beat 25: data=24 sop=0 eop=0 t=5870000
  beat 26: data=25 sop=0 eop=0 t=5890000
  beat 27: data=26 sop=0 eop=0 t=5910000
  beat 28: data=27 sop=0 eop=0 t=5930000
  beat 29: data=28 sop=0 eop=0 t=5950000
  beat 30: data=29 sop=0 eop=0 t=5970000
  beat 31: data=30 sop=0 eop=0 t=5990000
  beat 32: data=31 sop=0 eop=0 t=6010000
  beat 33: data=32 sop=0 eop=0 t=6030000
  beat 34: data=33 sop=0 eop=0 t=6050000
  beat 35: data=34 sop=0 eop=0 t=6070000
  beat 36: data=35 sop=0 eop=0 t=6090000
  beat 37: data=36 sop=0 eop=0 t=6110000
  beat 38: data=37 sop=0 eop=0 t=6130000
  beat 39: data=38 sop=0 eop=0 t=6150000
  beat 40: data=39 sop=0 eop=0 t=6170000
  beat 41: data=40 sop=0 eop=0 t=6190000
  beat 42: data=41 sop=0 eop=0 t=6210000
  beat 43: data=42 sop=0 eop=0 t=6230000
  beat 44: data=43 sop=0 eop=0 t=6250000
  beat 45: data=44 sop=0 eop=0 t=6270000
  beat 46: data=45 sop=0 eop=0 t=6290000
  beat 47: data=46 sop=0 eop=0 t=6310000
  beat 48: data=47 sop=0 eop=0 t=6330000
  beat 49: data=48 sop=0 eop=0 t=6350000
  beat 50: data=49 sop=0 eop=0 t=6370000
  beat 51: data=50 sop=0 eop=0 t=6390000
  beat 52: data=51 sop=0 eop=0 t=6410000
  beat 53: data=52 sop=0 eop=0 t=6430000
  beat 54: data=53 sop=0 eop=0 t=6450000
  beat 55: data=54 sop=0 eop=0 t=6470000
  beat 56: data=55 sop=0 eop=0 t=6490000
  beat 57: data=56 sop=0 eop=0 t=6510000
  beat 58: data=57 sop=0 eop=0 t=6530000
  beat 59: data=58 sop=0 eop=0 t=6550000
  beat 60: data=59 sop=0 eop=0 t=6570000
  beat 61: data=60 sop=0 eop=0 t=6590000
  beat 62: data=61 sop=0 eop=0 t=6610000
  beat 63: data=62 sop=0 eop=0 t=6630000
  beat 64: data=63 sop=0 eop=0 t=6650000
  beat 65: data=64 sop=0 eop=0 t=6670000
  beat 66: data=65 sop=0 eop=0 t=6690000
  beat 67: data=66 sop=0 eop=0 t=6710000
  beat 68: data=67 sop=0 eop=0 t=6730000
  beat 69: data=68 sop=0 eop=0 t=6750000
  beat 70: data=69 sop=0 eop=0 t=6770000
  beat 71: data=70 sop=0 eop=0 t=6790000
  beat 72: data=71 sop=0 eop=0 t=6810000
  beat 73: data=72 sop=0 eop=0 t=6830000
  beat 74: data=73 sop=0 eop=0 t=6850000
  beat 75: data=74 sop=0 eop=0 t=6870000
  beat 76: data=75 sop=0 eop=0 t=6890000
  beat 77: data=76 sop=0 eop=0 t=6910000
  beat 78: data=77 sop=0 eop=0 t=6930000
  beat 79: data=78 sop=0 eop=0 t=6950000
  beat 80: data=79 sop=0 eop=0 t=6970000
  beat 81: data=80 sop=0 eop=0 t=6990000
  beat 82: data=81 sop=0 eop=0 t=7010000
  beat 83: data=82 sop=0 eop=0 t=7030000
  beat 84: data=83 sop=0 eop=0 t=7050000
  beat 85: data=84 sop=0 eop=0 t=7070000
  beat 86: data=85 sop=0 eop=0 t=7090000
  beat 87: data=86 sop=0 eop=0 t=7110000
  beat 88: data=87 sop=0 eop=0 t=7130000
  beat 89: data=88 sop=0 eop=0 t=7150000
  beat 90: data=89 sop=0 eop=0 t=7170000
  beat 91: data=90 sop=0 eop=0 t=7190000
  beat 92: data=91 sop=0 eop=0 t=7210000
  beat 93: data=92 sop=0 eop=0 t=7230000
  beat 94: data=93 sop=0 eop=0 t=7250000
  beat 95: data=94 sop=0 eop=0 t=7270000
  beat 96: data=95 sop=0 eop=0 t=7290000
  beat 97: data=96 sop=0 eop=0 t=7310000
  beat 98: data=97 sop=0 eop=0 t=7330000
  beat 99: data=98 sop=0 eop=0 t=7350000
  beat 100: data=99 sop=0 eop=0 t=7370000
  beat 101: data=100 sop=0 eop=0 t=7390000
  beat 102: data=101 sop=0 eop=0 t=7410000
  beat 103: data=102 sop=0 eop=0 t=7430000
  beat 104: data=103 sop=0 eop=0 t=7450000
  beat 105: data=104 sop=0 eop=0 t=7470000
  beat 106: data=105 sop=0 eop=0 t=7490000
  beat 107: data=106 sop=0 eop=0 t=7510000
  beat 108: data=107 sop=0 eop=0 t=7530000
  beat 109: data=108 sop=0 eop=0 t=7550000
  beat 110: data=109 sop=0 eop=0 t=7570000
  beat 111: data=110 sop=0 eop=0 t=7590000
  beat 112: data=111 sop=0 eop=0 t=7610000
  beat 113: data=112 sop=0 eop=0 t=7630000
  beat 114: data=113 sop=0 eop=0 t=7650000
  beat 115: data=114 sop=0 eop=0 t=7670000
  beat 116: data=115 sop=0 eop=0 t=7690000
  beat 117: data=116 sop=0 eop=0 t=7710000
  beat 118: data=117 sop=0 eop=0 t=7730000
  beat 119: data=118 sop=0 eop=0 t=7750000
  beat 120: data=119 sop=0 eop=0 t=7770000
  beat 121: data=120 sop=0 eop=0 t=7790000
  beat 122: data=121 sop=0 eop=0 t=7810000
  beat 123: data=122 sop=0 eop=0 t=7830000
  beat 124: data=123 sop=0 eop=0 t=7850000
  beat 125: data=124 sop=0 eop=0 t=7870000
  beat 126: data=125 sop=0 eop=0 t=7890000
  beat 127: data=126 sop=0 eop=0 t=7910000
  beat 128: data=127 sop=0 eop=0 t=7930000
  beat 129: data=128 sop=0 eop=0 t=7950000
  beat 130: data=129 sop=0 eop=0 t=7970000
  beat 131: data=130 sop=0 eop=0 t=7990000
  beat 132: data=131 sop=0 eop=0 t=8010000
  beat 133: data=132 sop=0 eop=0 t=8030000
  beat 134: data=133 sop=0 eop=0 t=8050000
  beat 135: data=134 sop=0 eop=0 t=8070000
  beat 136: data=135 sop=0 eop=0 t=8090000
  beat 137: data=136 sop=0 eop=0 t=8110000
  beat 138: data=137 sop=0 eop=0 t=8130000
  beat 139: data=138 sop=0 eop=0 t=8150000
  beat 140: data=139 sop=0 eop=0 t=8170000
  beat 141: data=140 sop=0 eop=0 t=8190000
  beat 142: data=141 sop=0 eop=0 t=8210000
  beat 143: data=142 sop=0 eop=0 t=8230000
  beat 144: data=143 sop=0 eop=0 t=8250000
  beat 145: data=144 sop=0 eop=0 t=8270000
  beat 146: data=145 sop=0 eop=0 t=8290000
  beat 147: data=146 sop=0 eop=0 t=8310000
  beat 148: data=147 sop=0 eop=0 t=8330000
  beat 149: data=148 sop=0 eop=0 t=8350000
  beat 150: data=149 sop=0 eop=0 t=8370000
  beat 151: data=150 sop=0 eop=0 t=8390000
  beat 152: data=151 sop=0 eop=0 t=8410000
  beat 153: data=152 sop=0 eop=0 t=8430000
  beat 154: data=153 sop=0 eop=0 t=8450000
  beat 155: data=154 sop=0 eop=0 t=8470000
  beat 156: data=155 sop=0 eop=0 t=8490000
  beat 157: data=156 sop=0 eop=0 t=8510000
  beat 158: data=157 sop=0 eop=0 t=8530000
  beat 159: data=158 sop=0 eop=0 t=8550000
  beat 160: data=159 sop=0 eop=0 t=8570000
  beat 161: data=160 sop=0 eop=0 t=8590000
  beat 162: data=161 sop=0 eop=0 t=8610000
  beat 163: data=162 sop=0 eop=0 t=8630000
  beat 164: data=163 sop=0 eop=0 t=8650000
  beat 165: data=164 sop=0 eop=0 t=8670000
  beat 166: data=165 sop=0 eop=0 t=8690000
  beat 167: data=166 sop=0 eop=0 t=8710000
  beat 168: data=167 sop=0 eop=0 t=8730000
  beat 169: data=168 sop=0 eop=0 t=8750000
  beat 170: data=169 sop=0 eop=0 t=8770000
  beat 171: data=170 sop=0 eop=0 t=8790000
  beat 172: data=171 sop=0 eop=0 t=8810000
  beat 173: data=172 sop=0 eop=0 t=8830000
  beat 174: data=173 sop=0 eop=0 t=8850000
  beat 175: data=174 sop=0 eop=0 t=8870000
  beat 176: data=175 sop=0 eop=0 t=8890000
  beat 177: data=176 sop=0 eop=0 t=8910000
  beat 178: data=177 sop=0 eop=0 t=8930000
  beat 179: data=178 sop=0 eop=0 t=8950000
  beat 180: data=179 sop=0 eop=0 t=8970000
  beat 181: data=180 sop=0 eop=0 t=8990000
  beat 182: data=181 sop=0 eop=0 t=9010000
  beat 183: data=182 sop=0 eop=0 t=9030000
  beat 184: data=183 sop=0 eop=0 t=9050000
  beat 185: data=184 sop=0 eop=0 t=9070000
  beat 186: data=185 sop=0 eop=0 t=9090000
  beat 187: data=186 sop=0 eop=0 t=9110000
  beat 188: data=187 sop=0 eop=0 t=9130000
  beat 189: data=188 sop=0 eop=0 t=9150000
  beat 190: data=189 sop=0 eop=0 t=9170000
  beat 191: data=190 sop=0 eop=0 t=9190000
  beat 192: data=191 sop=0 eop=0 t=9210000
  beat 193: data=192 sop=0 eop=0 t=9230000
  beat 194: data=193 sop=0 eop=0 t=9250000
  beat 195: data=194 sop=0 eop=0 t=9270000
  beat 196: data=195 sop=0 eop=0 t=9290000
  beat 197: data=196 sop=0 eop=0 t=9310000
  beat 198: data=197 sop=0 eop=0 t=9330000
  beat 199: data=198 sop=0 eop=0 t=9350000
  beat 200: data=199 sop=0 eop=0 t=9370000
  beat 201: data=200 sop=0 eop=0 t=9390000
  beat 202: data=201 sop=0 eop=0 t=9410000
  beat 203: data=202 sop=0 eop=0 t=9430000
  beat 204: data=203 sop=0 eop=0 t=9450000
  beat 205: data=204 sop=0 eop=0 t=9470000
  beat 206: data=205 sop=0 eop=0 t=9490000
  beat 207: data=206 sop=0 eop=0 t=9510000
  beat 208: data=207 sop=0 eop=0 t=9530000
  beat 209: data=208 sop=0 eop=0 t=9550000
  beat 210: data=209 sop=0 eop=0 t=9570000
  beat 211: data=210 sop=0 eop=0 t=9590000
  beat 212: data=211 sop=0 eop=0 t=9610000
  beat 213: data=212 sop=0 eop=0 t=9630000
  beat 214: data=213 sop=0 eop=0 t=9650000
  beat 215: data=214 sop=0 eop=0 t=9670000
  beat 216: data=215 sop=0 eop=0 t=9690000
  beat 217: data=216 sop=0 eop=0 t=9710000
  beat 218: data=217 sop=0 eop=0 t=9730000
  beat 219: data=218 sop=0 eop=0 t=9750000
  beat 220: data=219 sop=0 eop=0 t=9770000
  beat 221: data=220 sop=0 eop=0 t=9790000
  beat 222: data=221 sop=0 eop=0 t=9810000
  beat 223: data=222 sop=0 eop=0 t=9830000
  beat 224: data=223 sop=0 eop=0 t=9850000
  beat 225: data=224 sop=0 eop=0 t=9870000
  beat 226: data=225 sop=0 eop=0 t=9890000
  beat 227: data=226 sop=0 eop=0 t=9910000
  beat 228: data=227 sop=0 eop=0 t=9930000
  beat 229: data=228 sop=0 eop=0 t=9950000
  beat 230: data=229 sop=0 eop=0 t=9970000
  beat 231: data=230 sop=0 eop=0 t=9990000
  beat 232: data=231 sop=0 eop=0 t=10010000
  beat 233: data=232 sop=0 eop=0 t=10030000
  beat 234: data=233 sop=0 eop=0 t=10050000
  beat 235: data=234 sop=0 eop=0 t=10070000
  beat 236: data=235 sop=0 eop=0 t=10090000
  beat 237: data=236 sop=0 eop=0 t=10110000
  beat 238: data=237 sop=0 eop=0 t=10130000
  beat 239: data=238 sop=0 eop=0 t=10150000
  beat 240: data=239 sop=0 eop=0 t=10170000
  beat 241: data=240 sop=0 eop=0 t=10190000
  beat 242: data=241 sop=0 eop=0 t=10210000
  beat 243: data=242 sop=0 eop=0 t=10230000
  beat 244: data=243 sop=0 eop=0 t=10250000
  beat 245: data=244 sop=0 eop=0 t=10270000
  beat 246: data=245 sop=0 eop=0 t=10290000
  beat 247: data=246 sop=0 eop=0 t=10310000
  beat 248: data=247 sop=0 eop=0 t=10330000
  beat 249: data=248 sop=0 eop=0 t=10350000
  beat 250: data=249 sop=0 eop=0 t=10370000
  beat 251: data=250 sop=0 eop=0 t=10390000
  beat 252: data=251 sop=0 eop=0 t=10410000
  beat 253: data=252 sop=0 eop=0 t=10430000
  beat 254: data=253 sop=0 eop=0 t=10450000
  beat 255: data=254 sop=0 eop=0 t=10470000
  beat 256: data=255 sop=0 eop=1 t=10490000
--------------------------------------------------
probe trace fifo_3_3: beats=256 sop=1 eop=1 (correct = 256 / 1 / 1)
--------------------------------------------------
$finish called at time : 17311 ns : File "D:/coding/verilog/xc7k70t/project_fifo/sim_verify/probe_trace_fifo_3_3.v" Line 44
exit
INFO: [Common 17-206] Exiting xsim at Mon Sep 28 21:08:49 2026...
