Vivado Simulator 2020.2
Copyright 1986-1999, 2001-2020 Xilinx, Inc. All Rights Reserved.
Running: D:/software/vivado/Vivado/2020.2/bin/unwrapped/win64.o/xelab.exe -L xil_defaultlib -L fifo_generator_v13_2_5 -L unisims_ver -L unimacro_ver -L secureip -L xpm --snapshot chk_fifo_2_7_cdc_snap xil_defaultlib.chk_fifo_2_7_cdc xil_defaultlib.glbl -log elab_chk_fifo_2_7_cdc.log 
Multi-threading is on. Using 10 slave threads.
Starting static elaboration
Pass Through NonSizing Optimizer
WARNING: [VRFC 10-3091] actual bit length 32 differs from formal bit length 1 for port 'din' [D:/coding/verilog/xc7k70t/project_fifo/project_fifo.srcs/sources_1/new/fifo_2_7.v:96]
WARNING: [VRFC 10-3091] actual bit length 32 differs from formal bit length 1 for port 'din' [D:/coding/verilog/xc7k70t/project_fifo/project_fifo.srcs/sources_1/new/fifo_2_7.v:119]
WARNING: [VRFC 10-3091] actual bit length 32 differs from formal bit length 1 for port 'din' [D:/coding/verilog/xc7k70t/project_fifo/project_fifo.srcs/sources_1/new/fifo_2_7.v:142]
WARNING: [VRFC 10-3645] port 'full' remains unconnected for this instance [D:/coding/verilog/xc7k70t/project_fifo/project_fifo.srcs/sources_1/new/fifo_2_7.v:36]
WARNING: [VRFC 10-3645] port 'full' remains unconnected for this instance [D:/coding/verilog/xc7k70t/project_fifo/project_fifo.srcs/sources_1/new/fifo_2_7.v:55]
WARNING: [VRFC 10-3645] port 'full' remains unconnected for this instance [D:/coding/verilog/xc7k70t/project_fifo/project_fifo.srcs/sources_1/new/fifo_2_7.v:74]
WARNING: [VRFC 10-3645] port 'dout' remains unconnected for this instance [D:/coding/verilog/xc7k70t/project_fifo/project_fifo.srcs/sources_1/new/fifo_2_7.v:92]
WARNING: [VRFC 10-3645] port 'dout' remains unconnected for this instance [D:/coding/verilog/xc7k70t/project_fifo/project_fifo.srcs/sources_1/new/fifo_2_7.v:115]
WARNING: [VRFC 10-3645] port 'dout' remains unconnected for this instance [D:/coding/verilog/xc7k70t/project_fifo/project_fifo.srcs/sources_1/new/fifo_2_7.v:138]
Completed static elaboration
Starting simulation data flow analysis
Completed simulation data flow analysis
Time Resolution for simulation is 1ps
Compiling module fifo_generator_v13_2_5.fifo_generator_v13_2_5_sync_stag...
Compiling module fifo_generator_v13_2_5.fifo_generator_v13_2_5_bhv_ver_a...
Compiling module fifo_generator_v13_2_5.fifo_generator_v13_2_5_bhv_ver_p...
Compiling module fifo_generator_v13_2_5.fifo_generator_v13_2_5_CONV_VER(...
Compiling module fifo_generator_v13_2_5.fifo_generator_vlog_beh(C_DATA_C...
Compiling module xil_defaultlib.fifo_10x256_fwft_async
Compiling module fifo_generator_v13_2_5.fifo_generator_v13_2_5_sync_stag...
Compiling module fifo_generator_v13_2_5.fifo_generator_v13_2_5_bhv_ver_a...
Compiling module fifo_generator_v13_2_5.fifo_generator_v13_2_5_CONV_VER(...
Compiling module fifo_generator_v13_2_5.fifo_generator_vlog_beh(C_DATA_C...
Compiling module xil_defaultlib.fifo_1x32_standard_async
Compiling module xil_defaultlib.fifo_2_7
Compiling module xil_defaultlib.chk_fifo_2_7_cdc
Compiling module xil_defaultlib.glbl
Built simulation snapshot chk_fifo_2_7_cdc_snap
