Vivado Simulator 2020.2
Copyright 1986-1999, 2001-2020 Xilinx, Inc. All Rights Reserved.
Running: D:/software/vivado/Vivado/2020.2/bin/unwrapped/win64.o/xelab.exe -L xil_defaultlib -L fifo_generator_v13_2_5 -L unisims_ver -L unimacro_ver -L secureip -L xpm --snapshot stress_fifo_3_3_snap xil_defaultlib.stress_fifo_3_3 xil_defaultlib.glbl -log elab_stress_fifo_3_3.log 
Multi-threading is on. Using 10 slave threads.
Starting static elaboration
Pass Through NonSizing Optimizer
WARNING: [VRFC 10-3645] port 'full' remains unconnected for this instance [D:/coding/verilog/xc7k70t/project_fifo/project_fifo.srcs/sources_1/new/fifo_3_3.v:24]
WARNING: [VRFC 10-3645] port 'full' remains unconnected for this instance [D:/coding/verilog/xc7k70t/project_fifo/project_fifo.srcs/sources_1/new/fifo_3_3.v:40]
Completed static elaboration
Starting simulation data flow analysis
Completed simulation data flow analysis
Time Resolution for simulation is 1ps
Compiling module fifo_generator_v13_2_5.fifo_generator_v13_2_5_bhv_ver_s...
Compiling module fifo_generator_v13_2_5.fifo_generator_v13_2_5_bhv_ver_p...
Compiling module fifo_generator_v13_2_5.fifo_generator_v13_2_5_CONV_VER(...
Compiling module fifo_generator_v13_2_5.fifo_generator_vlog_beh(C_COMMON...
Compiling module xil_defaultlib.fifo_18x256_fwft_sync
Compiling module fifo_generator_v13_2_5.fifo_generator_v13_2_5_bhv_ver_s...
Compiling module fifo_generator_v13_2_5.fifo_generator_v13_2_5_bhv_ver_p...
Compiling module fifo_generator_v13_2_5.fifo_generator_v13_2_5_CONV_VER(...
Compiling module fifo_generator_v13_2_5.fifo_generator_vlog_beh(C_COMMON...
Compiling module xil_defaultlib.fifo_1x64_fwft_sync
Compiling module xil_defaultlib.fifo_3_3
Compiling module xil_defaultlib.stress_fifo_3_3
Compiling module xil_defaultlib.glbl
Built simulation snapshot stress_fifo_3_3_snap
