#-----------------------------------------------------------
# xsim v2020.2 (64-bit)
# SW Build 3064766 on Wed Nov 18 09:12:45 MST 2020
# IP Build 3064653 on Wed Nov 18 14:17:31 MST 2020
# Start of session at: Fri Sep 25 14:15:54 2026
# Process ID: 2768
# Current directory: D:/coding/verilog/xc7k70t/project_fifo/sim_verify
# Command line: xsim.exe -log sim_chk_fifo_2_5.log -mode tcl -source {xsim.dir/chk_fifo_2_5_snap/xsim_script.tcl}
# Log file: D:/coding/verilog/xc7k70t/project_fifo/sim_verify/sim_chk_fifo_2_5.log
# Journal file: D:/coding/verilog/xc7k70t/project_fifo/sim_verify\xsim.jou
#-----------------------------------------------------------
source xsim.dir/chk_fifo_2_5_snap/xsim_script.tcl
# xsim {chk_fifo_2_5_snap} -autoloadwcfg -runall
Vivado Simulator 2020.2
Time resolution is 1 ps
run -all
WARNING: Behavioral models for independent clock FIFO configurations do not model synchronization delays. The behavioral models are functionally correct, and will represent the behavior of the configured FIFO. See the FIFO Generator User Guide for more information.
WARNING: Behavioral models for independent clock FIFO configurations do not model synchronization delays. The behavioral models are functionally correct, and will represent the behavior of the configured FIFO. See the FIFO Generator User Guide for more information.
WARNING: Behavioral models for independent clock FIFO configurations do not model synchronization delays. The behavioral models are functionally correct, and will represent the behavior of the configured FIFO. See the FIFO Generator User Guide for more information.
ERROR t=114000: chan0 beat #1 extra 0000
ERROR t=1122000: chan0 beat #2 got 0000 expected 0001
ERROR t=1146000: chan0 beat #3 got 0001 expected 0003
ERROR t=1170000: chan0 beat #5 got 0003 expected 0005
ERROR t=1194000: chan0 beat #6 got 0005 expected 0007
ERROR t=1218000: chan0 beat #8 got 0007 expected 0008
ERROR t=1242000: chan0 beat #10 got 0008 expected 000a
ERROR t=1266000: chan0 beat #12 got 000a expected 000c
ERROR t=1290000: chan0 beat #13 got 000c expected 000e
ERROR t=1314000: chan0 beat #15 got 000e expected 000f
ERROR t=1338000: chan0 beat #17 got 000f expected 0011
ERROR t=1362000: chan0 beat #19 got 0011 expected 0013
ERROR t=1386000: chan0 beat #20 got 0013 expected 0015
ERROR t=1410000: chan0 beat #22 got 0015 expected 0016
ERROR t=1434000: chan0 beat #23 got 0016 expected 0018
ERROR t=1458000: chan0 beat #25 got 0018 expected 001a
ERROR t=1482000: chan0 beat #27 got 001a expected 001c
ERROR t=1506000: chan0 beat #28 got 001c expected 001d
ERROR t=1530000: chan0 beat #30 got 001d expected 001f
ERROR t=1554000: chan0 beat #32 extra 001f
--------------------------------------------------
fifo_2_5 : written a/b/c = 19/10/5, emitted a/b/c = 20/10/5
fifo_2_5 : total output beats = 35
NOTE: some channel data never emitted
RESULT fifo_2_5: FAIL (20 error(s), 0 bad-chan beat(s))
--------------------------------------------------
$finish called at time : 12 us : File "D:/coding/verilog/xc7k70t/project_fifo/sim_verify/chk_fifo_2_5.v" Line 94
exit
INFO: [Common 17-206] Exiting xsim at Fri Sep 25 14:15:59 2026...
