#-----------------------------------------------------------
# xsim v2020.2 (64-bit)
# SW Build 3064766 on Wed Nov 18 09:12:45 MST 2020
# IP Build 3064653 on Wed Nov 18 14:17:31 MST 2020
# Start of session at: Sun Sep 27 20:05:46 2026
# Process ID: 27384
# Current directory: D:/coding/verilog/xc7k70t/project_fifo/sim_verify
# Command line: xsim.exe -log sim_cdc_fifo_2_7.log -mode tcl -source {xsim.dir/cdc_fifo_2_7_snap/xsim_script.tcl}
# Log file: D:/coding/verilog/xc7k70t/project_fifo/sim_verify/sim_cdc_fifo_2_7.log
# Journal file: D:/coding/verilog/xc7k70t/project_fifo/sim_verify\xsim.jou
#-----------------------------------------------------------
source xsim.dir/cdc_fifo_2_7_snap/xsim_script.tcl
# xsim {cdc_fifo_2_7_snap} -autoloadwcfg -runall
Vivado Simulator 2020.2
Time resolution is 1 ps
run -all
WARNING: Behavioral models for independent clock FIFO configurations do not model synchronization delays. The behavioral models are functionally correct, and will represent the behavior of the configured FIFO. See the FIFO Generator User Guide for more information.
WARNING: Behavioral models for independent clock FIFO configurations do not model synchronization delays. The behavioral models are functionally correct, and will represent the behavior of the configured FIFO. See the FIFO Generator User Guide for more information.
WARNING: Behavioral models for independent clock FIFO configurations do not model synchronization delays. The behavioral models are functionally correct, and will represent the behavior of the configured FIFO. See the FIFO Generator User Guide for more information.
WARNING: Behavioral models for independent clock FIFO configurations do not model synchronization delays. The behavioral models are functionally correct, and will represent the behavior of the configured FIFO. See the FIFO Generator User Guide for more information.
WARNING: Behavioral models for independent clock FIFO configurations do not model synchronization delays. The behavioral models are functionally correct, and will represent the behavior of the configured FIFO. See the FIFO Generator User Guide for more information.
WARNING: Behavioral models for independent clock FIFO configurations do not model synchronization delays. The behavioral models are functionally correct, and will represent the behavior of the configured FIFO. See the FIFO Generator User Guide for more information.
--------------------------------------------------
cdc fifo_2_7 : packets completed = 40/40, beats = 180, errors = 0
RESULT cdc_fifo_2_7: PASS
--------------------------------------------------
$finish called at time : 200 us : File "D:/coding/verilog/xc7k70t/project_fifo/sim_verify/cdc_fifo_2_7.v" Line 102
exit
INFO: [Common 17-206] Exiting xsim at Sun Sep 27 20:05:48 2026...
