#-----------------------------------------------------------
# xsim v2020.2 (64-bit)
# SW Build 3064766 on Wed Nov 18 09:12:45 MST 2020
# IP Build 3064653 on Wed Nov 18 14:17:31 MST 2020
# Start of session at: Sun Sep 27 19:33:02 2026
# Process ID: 25232
# Current directory: D:/coding/verilog/xc7k70t/project_fifo/sim_verify
# Command line: xsim.exe -log sim_chk_fifo_2_1.log -mode tcl -source {xsim.dir/chk_fifo_2_1_snap/xsim_script.tcl}
# Log file: D:/coding/verilog/xc7k70t/project_fifo/sim_verify/sim_chk_fifo_2_1.log
# Journal file: D:/coding/verilog/xc7k70t/project_fifo/sim_verify\xsim.jou
#-----------------------------------------------------------
source xsim.dir/chk_fifo_2_1_snap/xsim_script.tcl
# xsim {chk_fifo_2_1_snap} -autoloadwcfg -runall
Vivado Simulator 2020.2
Time resolution is 1 ps
run -all
--------------------------------------------------
fifo_2_1 : written = 200, output beats = 101
NOTE: written (200) != observed (101) -> loss or extra
RESULT fifo_2_1: PASS (in-order, lossless, dout_vld aligned)
--------------------------------------------------
$finish called at time : 12 us : File "D:/coding/verilog/xc7k70t/project_fifo/sim_verify/chk_fifo_2_1.v" Line 67
exit
INFO: [Common 17-206] Exiting xsim at Sun Sep 27 19:33:05 2026...
