#-----------------------------------------------------------
# xsim v2020.2 (64-bit)
# SW Build 3064766 on Wed Nov 18 09:12:45 MST 2020
# IP Build 3064653 on Wed Nov 18 14:17:31 MST 2020
# Start of session at: Mon Sep 28 00:09:30 2026
# Process ID: 23816
# Current directory: D:/coding/verilog/xc7k70t/project_fifo/sim_verify
# Command line: xsim.exe -log sim_probe_fifo_3_2.log -mode tcl -source {xsim.dir/probe_fifo_3_2_snap/xsim_script.tcl}
# Log file: D:/coding/verilog/xc7k70t/project_fifo/sim_verify/sim_probe_fifo_3_2.log
# Journal file: D:/coding/verilog/xc7k70t/project_fifo/sim_verify\xsim.jou
#-----------------------------------------------------------
source xsim.dir/probe_fifo_3_2_snap/xsim_script.tcl
# xsim {probe_fifo_3_2_snap} -autoloadwcfg -runall
Vivado Simulator 2020.2
Time resolution is 1 ps
run -all
probe fifo_3_2: sending 1 packet of 3 words: 1111(sop) 2222 3333(eop)
  out beat 1: data=1111 sop=1 eop=0  (t=350000)
  out beat 2: data=2222 sop=0 eop=0  (t=370000)
  out beat 3: data=3333 sop=0 eop=1  (t=390000)
--------------------------------------------------
probe fifo_3_2 : sent 3 words, output beats = 3 (expected 3)
RESULT probe fifo_3_2: 3 beat(s) emitted
--------------------------------------------------
$finish called at time : 8251 ns : File "D:/coding/verilog/xc7k70t/project_fifo/sim_verify/probe_fifo_3_2.v" Line 42
exit
INFO: [Common 17-206] Exiting xsim at Mon Sep 28 00:09:33 2026...
