#-----------------------------------------------------------
# xsim v2020.2 (64-bit)
# SW Build 3064766 on Wed Nov 18 09:12:45 MST 2020
# IP Build 3064653 on Wed Nov 18 14:17:31 MST 2020
# Start of session at: Fri Sep 25 14:06:29 2026
# Process ID: 4020
# Current directory: D:/coding/verilog/xc7k70t/project_fifo/sim_verify
# Command line: xsim.exe -log sim_chk_fifo_1_9.log -mode tcl -source {xsim.dir/chk_fifo_1_9_snap/xsim_script.tcl}
# Log file: D:/coding/verilog/xc7k70t/project_fifo/sim_verify/sim_chk_fifo_1_9.log
# Journal file: D:/coding/verilog/xc7k70t/project_fifo/sim_verify\xsim.jou
#-----------------------------------------------------------
source xsim.dir/chk_fifo_1_9_snap/xsim_script.tcl
# xsim {chk_fifo_1_9_snap} -autoloadwcfg -runall
Vivado Simulator 2020.2
Time resolution is 1 ps
run -all
ERROR t=330000: pack #0 got 2400 expected xxxx
ERROR t=630000: pack #3 got 77aa expected c6aa
ERROR t=1170000: pack #12 got 712a expected ae2a
--------------------------------------------------
fifo_1_9 : accepted words = 13
fifo_1_9 : output beats   = 13
fifo_1_9 : pack errors    = 3
RESULT fifo_1_9: FAIL (0 word error(s), 3 pack error(s))
--------------------------------------------------
$finish called at time : 8 us : File "D:/coding/verilog/xc7k70t/project_fifo/sim_verify/chk_fifo_1_9.v" Line 98
exit
INFO: [Common 17-206] Exiting xsim at Fri Sep 25 14:06:35 2026...
