#-----------------------------------------------------------
# xsim v2020.2 (64-bit)
# SW Build 3064766 on Wed Nov 18 09:12:45 MST 2020
# IP Build 3064653 on Wed Nov 18 14:17:31 MST 2020
# Start of session at: Fri Sep 25 14:06:44 2026
# Process ID: 4672
# Current directory: D:/coding/verilog/xc7k70t/project_fifo/sim_verify
# Command line: xsim.exe -log sim_chk_fifo_1_10.log -mode tcl -source {xsim.dir/chk_fifo_1_10_snap/xsim_script.tcl}
# Log file: D:/coding/verilog/xc7k70t/project_fifo/sim_verify/sim_chk_fifo_1_10.log
# Journal file: D:/coding/verilog/xc7k70t/project_fifo/sim_verify\xsim.jou
#-----------------------------------------------------------
source xsim.dir/chk_fifo_1_10_snap/xsim_script.tcl
# xsim {chk_fifo_1_10_snap} -autoloadwcfg -runall
Vivado Simulator 2020.2
Time resolution is 1 ps
run -all
ERROR t=330000: pack #0 got 24000000 expected xxxxxxxx
ERROR t=710000: pack #3 got bd8fcec5 expected 778fcec5
ERROR t=930000: pack #5 got 021d0d6b expected aa960d6b
ERROR t=1170000: pack #7 got ae2a71b6 expected 8ad889b6
ERROR t=1650000: pack #12 got 3f588e5b expected 6d1f855b
--------------------------------------------------
fifo_1_10: accepted words = 13
fifo_1_10: output beats   = 13
fifo_1_10: pack errors    = 5
RESULT fifo_1_10: FAIL (0 word error(s), 5 pack error(s))
--------------------------------------------------
$finish called at time : 10 us : File "D:/coding/verilog/xc7k70t/project_fifo/sim_verify/chk_fifo_1_10.v" Line 100
exit
INFO: [Common 17-206] Exiting xsim at Fri Sep 25 14:06:49 2026...
