#-----------------------------------------------------------
# xsim v2020.2 (64-bit)
# SW Build 3064766 on Wed Nov 18 09:12:45 MST 2020
# IP Build 3064653 on Wed Nov 18 14:17:31 MST 2020
# Start of session at: Sun Sep 27 19:22:32 2026
# Process ID: 8392
# Current directory: D:/coding/verilog/xc7k70t/project_fifo/sim_verify
# Command line: xsim.exe -log sim_dbg3_fifo_1_7.log -mode tcl -source {xsim.dir/dbg3_fifo_1_7_snap/xsim_script.tcl}
# Log file: D:/coding/verilog/xc7k70t/project_fifo/sim_verify/sim_dbg3_fifo_1_7.log
# Journal file: D:/coding/verilog/xc7k70t/project_fifo/sim_verify\xsim.jou
#-----------------------------------------------------------
source xsim.dir/dbg3_fifo_1_7_snap/xsim_script.tcl
# xsim {dbg3_fifo_1_7_snap} -autoloadwcfg -runall
Vivado Simulator 2020.2
Time resolution is 1 ps
run -all
=== USE_RDY=1  packets=25  expected=193 observed=168  throttle=0 ===
  [0] exp d=99 s=1 e=0 | got d=99 s=1 e=0
  [1] exp d=8d s=0 e=0 | got d=8d s=0 e=0
  [2] exp d=57 s=0 e=1 | got d=57 s=0 e=1
  [3] exp d=49 s=1 e=0 | got d=49 s=1 e=0
  [4] exp d=5c s=0 e=0 | got d=5c s=0 e=0
  [5] exp d=45 s=0 e=0 | got d=45 s=0 e=0
  [6] exp d=aa s=0 e=0 | got d=aa s=0 e=0
  [7] exp d=dd s=0 e=0 | got d=dd s=0 e=0
  [8] exp d=6b s=0 e=0 | got d=6b s=0 e=0
  [9] exp d=49 s=0 e=0 | got d=49 s=0 e=0
  [10] exp d=23 s=0 e=0 | got d=23 s=0 e=0
  [11] exp d=b3 s=0 e=0 | got d=b3 s=0 e=0
  [12] exp d=41 s=0 e=0 | got d=41 s=0 e=0
  [13] exp d=f3 s=0 e=0 | got d=f3 s=0 e=0
  [14] exp d=78 s=0 e=0 | got d=78 s=0 e=0
  [15] exp d=65 s=0 e=1 | got d=65 s=0 e=1
  [16] exp d=dd s=1 e=0 | got d=dd s=1 e=0
  [17] exp d=2a s=0 e=0 | got d=2a s=0 e=0
  [18] exp d=be s=0 e=0 | got d=be s=0 e=0
  [19] exp d=71 s=0 e=0 | got d=71 s=0 e=0
  [20] exp d=55 s=0 e=0 | got d=55 s=0 e=0
  [21] exp d=4f s=0 e=0 | got d=4f s=0 e=0
  [22] exp d=33 s=0 e=0 | got d=33 s=0 e=0
  [23] exp d=3a s=0 e=0 | got d=3a s=0 e=0
RESULT dbg3 (USE_RDY=1): 0 mismatch(es) in first 24, counts 193/168
$finish called at time : 20091 ns : File "D:/coding/verilog/xc7k70t/project_fifo/sim_verify/dbg3_fifo_1_7.v" Line 110
exit
INFO: [Common 17-206] Exiting xsim at Sun Sep 27 19:22:34 2026...
