#-----------------------------------------------------------
# xsim v2020.2 (64-bit)
# SW Build 3064766 on Wed Nov 18 09:12:45 MST 2020
# IP Build 3064653 on Wed Nov 18 14:17:31 MST 2020
# Start of session at: Tue Sep 29 21:51:41 2026
# Process ID: 19788
# Current directory: D:/coding/verilog/xc7k70t/project_fifo/sim_verify
# Command line: xsim.exe -log sim_probe_len_fifo_4_2.log -mode tcl -source {xsim.dir/probe_len_fifo_4_2_snap/xsim_script.tcl}
# Log file: D:/coding/verilog/xc7k70t/project_fifo/sim_verify/sim_probe_len_fifo_4_2.log
# Journal file: D:/coding/verilog/xc7k70t/project_fifo/sim_verify\xsim.jou
#-----------------------------------------------------------
source xsim.dir/probe_len_fifo_4_2_snap/xsim_script.tcl
# xsim {probe_len_fifo_4_2_snap} -autoloadwcfg -runall
Vivado Simulator 2020.2
Time resolution is 1 ps
run -all
probe_len fifo_4_2: byte-count header wrap / data FIFO 258 limit
--- inside the use case (<=250 bytes = 125 words) + just beyond, gap 8
t=200000  -- send pkt len=124 gap=8
t=2770000  pkt1 header=00f8
t=2790000  pkt1 checksum=ddd1
t=2831000  -- send pkt len=125 gap=8
t=5270000  pkt1 eop after 124 data beats (header=00f8 checksum=ddd1)
t=5430000  pkt2 header=00fa
t=5450000  pkt2 checksum=be55
t=5491000  -- send pkt len=126 gap=8
t=7950000  pkt2 eop after 125 data beats (header=00fa checksum=be55)
t=8110000  pkt3 header=00fc
t=8130000  pkt3 checksum=beda
t=8171000  -- send pkt len=127 gap=8
t=10650000  pkt3 eop after 126 data beats (header=00fc checksum=beda)
t=10810000  pkt4 header=00fe
t=10830000  pkt4 checksum=df60
t=10871000  -- send pkt len=128 gap=8
t=13370000  pkt4 eop after 127 data beats (header=00fe checksum=df60)
t=13530000  pkt5 header=0000
t=13550000  pkt5 checksum=1fe8
t=13591000  -- send pkt len=200 gap=8
t=16110000  pkt5 eop after 128 data beats (header=0000 checksum=1fe8)
t=17690000  pkt6 header=0090
t=17710000  pkt6 checksum=4e07
t=17751000  -- send pkt len=250 gap=8
t=21710000  pkt6 eop after 200 data beats (header=0090 checksum=4e07)
t=22850000  pkt7 header=00f4
t=22870000  pkt7 checksum=09fb
t=27870000  pkt7 eop after 250 data beats (header=00f4 checksum=09fb)
--- abutting packets at the use-case maximum, gap 0
t=30911000  -- send pkt len=125 gap=0
t=33411000  -- send pkt len=125 gap=0
t=33510000  pkt8 header=00fa
t=33530000  pkt8 checksum=ce7c
t=35911000  -- send pkt len=125 gap=0
t=36030000  pkt8 eop after 125 data beats (header=00fa checksum=ce7c)
t=36070000  pkt9 header=00fa
t=36090000  pkt9 checksum=c87d
t=38411000  -- send pkt len=125 gap=8
t=38590000  pkt9 eop after 125 data beats (header=00fa checksum=c87d)
t=38630000  pkt10 header=00fa
t=38650000  pkt10 checksum=c27e
t=41150000  pkt10 eop after 125 data beats (header=00fa checksum=c27e)
t=41190000  pkt11 header=00fa
t=41210000  pkt11 checksum=bc7f
t=43710000  pkt11 eop after 125 data beats (header=00fa checksum=bc7f)
--------------------------------------------------
probe_len fifo_4_2: 1602 output beats, 11 packets seen
--------------------------------------------------
$finish called at time : 57071 ns : File "D:/coding/verilog/xc7k70t/project_fifo/sim_verify/probe_len_fifo_4_2.v" Line 80
exit
INFO: [Common 17-206] Exiting xsim at Tue Sep 29 21:51:43 2026...
