#-----------------------------------------------------------
# xsim v2020.2 (64-bit)
# SW Build 3064766 on Wed Nov 18 09:12:45 MST 2020
# IP Build 3064653 on Wed Nov 18 14:17:31 MST 2020
# Start of session at: Fri Sep 25 14:35:01 2026
# Process ID: 16944
# Current directory: D:/coding/verilog/xc7k70t/project_fifo/sim_verify
# Command line: xsim.exe -log sim_chk_fifo_2_8.log -mode tcl -source {xsim.dir/chk_fifo_2_8_snap/xsim_script.tcl}
# Log file: D:/coding/verilog/xc7k70t/project_fifo/sim_verify/sim_chk_fifo_2_8.log
# Journal file: D:/coding/verilog/xc7k70t/project_fifo/sim_verify\xsim.jou
#-----------------------------------------------------------
source xsim.dir/chk_fifo_2_8_snap/xsim_script.tcl
# xsim {chk_fifo_2_8_snap} -autoloadwcfg -runall
Vivado Simulator 2020.2
Time resolution is 1 ps
run -all
--------------------------------------------------
fifo_2_8 : reference ch0/1/2/3 = 49/40/212/47
fifo_2_8 : emitted   ch0/1/2/3 = 49/40/212/47
fifo_2_8 : total beats = 348
RESULT fifo_2_8: PASS (demux: per-channel order, markers, no loss)
--------------------------------------------------
$finish called at time : 24 us : File "D:/coding/verilog/xc7k70t/project_fifo/sim_verify/chk_fifo_2_8.v" Line 146
exit
INFO: [Common 17-206] Exiting xsim at Fri Sep 25 14:35:03 2026...
