#-----------------------------------------------------------
# xsim v2020.2 (64-bit)
# SW Build 3064766 on Wed Nov 18 09:12:45 MST 2020
# IP Build 3064653 on Wed Nov 18 14:17:31 MST 2020
# Start of session at: Mon Sep 28 23:44:29 2026
# Process ID: 13176
# Current directory: D:/coding/verilog/xc7k70t/project_fifo/sim_verify
# Command line: xsim.exe -log sim_probe_fifo_4_1.log -mode tcl -source {xsim.dir/probe_fifo_4_1_snap/xsim_script.tcl}
# Log file: D:/coding/verilog/xc7k70t/project_fifo/sim_verify/sim_probe_fifo_4_1.log
# Journal file: D:/coding/verilog/xc7k70t/project_fifo/sim_verify\xsim.jou
#-----------------------------------------------------------
source xsim.dir/probe_fifo_4_1_snap/xsim_script.tcl
# xsim {probe_fifo_4_1_snap} -autoloadwcfg -runall
Vivado Simulator 2020.2
Time resolution is 1 ps
run -all
  out beat 1: data=00 sop=1 eop=0 (t=50000)
probe fifo_4_1: idle window before any packet (watch for a beat here)
  beats so far = 1 (should be 0)
probe fifo_4_1 pkt1: 11 22 33
  out beat 2: data=11 sop=0 eop=0 (t=1510000)
  out beat 3: data=22 sop=0 eop=0 (t=1530000)
  out beat 4: data=33 sop=0 eop=1 (t=1550000)
  total beats so far = 4
probe fifo_4_1 pkt2: 44 55
  total beats so far = 4
probe fifo_4_1 pkt3: 66
  total beats so far = 4
--------------------------------------------------
probe fifo_4_1 : sent 3+2+1 = 6 data words in 3 packets, beats seen = 4
--------------------------------------------------
$finish called at time : 13511 ns : File "D:/coding/verilog/xc7k70t/project_fifo/sim_verify/probe_fifo_4_1.v" Line 59
exit
INFO: [Common 17-206] Exiting xsim at Mon Sep 28 23:44:35 2026...
