#-----------------------------------------------------------
# xsim v2020.2 (64-bit)
# SW Build 3064766 on Wed Nov 18 09:12:45 MST 2020
# IP Build 3064653 on Wed Nov 18 14:17:31 MST 2020
# Start of session at: Sun Sep 27 20:52:24 2026
# Process ID: 14692
# Current directory: D:/coding/verilog/xc7k70t/project_fifo/sim_verify
# Command line: xsim.exe -log sim_stress_fifo_2_12.log -mode tcl -source {xsim.dir/stress_fifo_2_12_snap/xsim_script.tcl}
# Log file: D:/coding/verilog/xc7k70t/project_fifo/sim_verify/sim_stress_fifo_2_12.log
# Journal file: D:/coding/verilog/xc7k70t/project_fifo/sim_verify\xsim.jou
#-----------------------------------------------------------
source xsim.dir/stress_fifo_2_12_snap/xsim_script.tcl
# xsim {stress_fifo_2_12_snap} -autoloadwcfg -runall
Vivado Simulator 2020.2
Time resolution is 1 ps
run -all
WARNING: Behavioral models for independent clock FIFO configurations do not model synchronization delays. The behavioral models are functionally correct, and will represent the behavior of the configured FIFO. See the FIFO Generator User Guide for more information.
WARNING: Behavioral models for independent clock FIFO configurations do not model synchronization delays. The behavioral models are functionally correct, and will represent the behavior of the configured FIFO. See the FIFO Generator User Guide for more information.
WARNING: Behavioral models for independent clock FIFO configurations do not model synchronization delays. The behavioral models are functionally correct, and will represent the behavior of the configured FIFO. See the FIFO Generator User Guide for more information.
WARNING: Behavioral models for independent clock FIFO configurations do not model synchronization delays. The behavioral models are functionally correct, and will represent the behavior of the configured FIFO. See the FIFO Generator User Guide for more information.
WARNING: Behavioral models for independent clock FIFO configurations do not model synchronization delays. The behavioral models are functionally correct, and will represent the behavior of the configured FIFO. See the FIFO Generator User Guide for more information.
WARNING: Behavioral models for independent clock FIFO configurations do not model synchronization delays. The behavioral models are functionally correct, and will represent the behavior of the configured FIFO. See the FIFO Generator User Guide for more information.
--------------------------------------------------
stress fifo_2_12 : expected beats = 90, observed beats = 90
RESULT stress fifo_2_12: PASS (3-channel merge correct over 8 packets/channel)
--------------------------------------------------
$finish called at time : 120 us : File "D:/coding/verilog/xc7k70t/project_fifo/sim_verify/stress_fifo_2_12.v" Line 161
exit
INFO: [Common 17-206] Exiting xsim at Sun Sep 27 20:52:27 2026...
