#-----------------------------------------------------------
# xsim v2020.2 (64-bit)
# SW Build 3064766 on Wed Nov 18 09:12:45 MST 2020
# IP Build 3064653 on Wed Nov 18 14:17:31 MST 2020
# Start of session at: Sun Sep 27 19:51:24 2026
# Process ID: 24816
# Current directory: D:/coding/verilog/xc7k70t/project_fifo/sim_verify
# Command line: xsim.exe -log sim_chk_fifo_2_7.log -mode tcl -source {xsim.dir/chk_fifo_2_7_snap/xsim_script.tcl}
# Log file: D:/coding/verilog/xc7k70t/project_fifo/sim_verify/sim_chk_fifo_2_7.log
# Journal file: D:/coding/verilog/xc7k70t/project_fifo/sim_verify\xsim.jou
#-----------------------------------------------------------
source xsim.dir/chk_fifo_2_7_snap/xsim_script.tcl
# xsim {chk_fifo_2_7_snap} -autoloadwcfg -runall
Vivado Simulator 2020.2
Time resolution is 1 ps
run -all
WARNING: Behavioral models for independent clock FIFO configurations do not model synchronization delays. The behavioral models are functionally correct, and will represent the behavior of the configured FIFO. See the FIFO Generator User Guide for more information.
WARNING: Behavioral models for independent clock FIFO configurations do not model synchronization delays. The behavioral models are functionally correct, and will represent the behavior of the configured FIFO. See the FIFO Generator User Guide for more information.
WARNING: Behavioral models for independent clock FIFO configurations do not model synchronization delays. The behavioral models are functionally correct, and will represent the behavior of the configured FIFO. See the FIFO Generator User Guide for more information.
WARNING: Behavioral models for independent clock FIFO configurations do not model synchronization delays. The behavioral models are functionally correct, and will represent the behavior of the configured FIFO. See the FIFO Generator User Guide for more information.
WARNING: Behavioral models for independent clock FIFO configurations do not model synchronization delays. The behavioral models are functionally correct, and will represent the behavior of the configured FIFO. See the FIFO Generator User Guide for more information.
WARNING: Behavioral models for independent clock FIFO configurations do not model synchronization delays. The behavioral models are functionally correct, and will represent the behavior of the configured FIFO. See the FIFO Generator User Guide for more information.
--------------------------------------------------
fifo_2_7 : emitted a/b/c = 0/0/0 (expected 16/21/31)
fifo_2_7 : total beats = 233 (pre-stimulus beats = 81)
NOTE: channel data missing or over-emitted
RESULT fifo_2_7: FAIL (0 error(s), 0 interleave(s), 233 bad-chan)
--------------------------------------------------
$finish called at time : 22 us : File "D:/coding/verilog/xc7k70t/project_fifo/sim_verify/chk_fifo_2_7.v" Line 141
exit
INFO: [Common 17-206] Exiting xsim at Sun Sep 27 19:51:30 2026...
