#-----------------------------------------------------------
# xsim v2020.2 (64-bit)
# SW Build 3064766 on Wed Nov 18 09:12:45 MST 2020
# IP Build 3064653 on Wed Nov 18 14:17:31 MST 2020
# Start of session at: Fri Sep 25 14:33:28 2026
# Process ID: 19760
# Current directory: D:/coding/verilog/xc7k70t/project_fifo/sim_verify
# Command line: xsim.exe -log sim_chk_fifo_1_6.log -mode tcl -source {xsim.dir/chk_fifo_1_6_snap/xsim_script.tcl}
# Log file: D:/coding/verilog/xc7k70t/project_fifo/sim_verify/sim_chk_fifo_1_6.log
# Journal file: D:/coding/verilog/xc7k70t/project_fifo/sim_verify\xsim.jou
#-----------------------------------------------------------
source xsim.dir/chk_fifo_1_6_snap/xsim_script.tcl
# xsim {chk_fifo_1_6_snap} -autoloadwcfg -runall
Vivado Simulator 2020.2
Time resolution is 1 ps
run -all
--------------------------------------------------
fifo_1_6 : expected beats = 48, output beats = 48
RESULT fifo_1_6: PASS (identity stream, sop/eop preserved, aligned)
--------------------------------------------------
$finish called at time : 10 us : File "D:/coding/verilog/xc7k70t/project_fifo/sim_verify/chk_fifo_1_6.v" Line 81
exit
INFO: [Common 17-206] Exiting xsim at Fri Sep 25 14:33:30 2026...
