#-----------------------------------------------------------
# xsim v2020.2 (64-bit)
# SW Build 3064766 on Wed Nov 18 09:12:45 MST 2020
# IP Build 3064653 on Wed Nov 18 14:17:31 MST 2020
# Start of session at: Fri Sep 25 14:10:36 2026
# Process ID: 20540
# Current directory: D:/coding/verilog/xc7k70t/project_fifo/sim_verify
# Command line: xsim.exe -log sim_chk_fifo_1_8.log -mode tcl -source {xsim.dir/chk_fifo_1_8_snap/xsim_script.tcl}
# Log file: D:/coding/verilog/xc7k70t/project_fifo/sim_verify/sim_chk_fifo_1_8.log
# Journal file: D:/coding/verilog/xc7k70t/project_fifo/sim_verify\xsim.jou
#-----------------------------------------------------------
source xsim.dir/chk_fifo_1_8_snap/xsim_script.tcl
# xsim {chk_fifo_1_8_snap} -autoloadwcfg -runall
Vivado Simulator 2020.2
Time resolution is 1 ps
run -all
--------------------------------------------------
fifo_1_8 : expected valid bytes = 22, observed = 22
RESULT fifo_1_8: PASS (mty[1:0] honoured, MSB-first, markers correct)
--------------------------------------------------
$finish called at time : 10 us : File "D:/coding/verilog/xc7k70t/project_fifo/sim_verify/chk_fifo_1_8.v" Line 92
exit
INFO: [Common 17-206] Exiting xsim at Fri Sep 25 14:10:38 2026...
