#-----------------------------------------------------------
# xsim v2020.2 (64-bit)
# SW Build 3064766 on Wed Nov 18 09:12:45 MST 2020
# IP Build 3064653 on Wed Nov 18 14:17:31 MST 2020
# Start of session at: Mon Sep 28 21:10:33 2026
# Process ID: 18928
# Current directory: D:/coding/verilog/xc7k70t/project_fifo/sim_verify
# Command line: xsim.exe -log sim_stress_fifo_3_4.log -mode tcl -source {xsim.dir/stress_fifo_3_4_snap/xsim_script.tcl}
# Log file: D:/coding/verilog/xc7k70t/project_fifo/sim_verify/sim_stress_fifo_3_4.log
# Journal file: D:/coding/verilog/xc7k70t/project_fifo/sim_verify\xsim.jou
#-----------------------------------------------------------
source xsim.dir/stress_fifo_3_4_snap/xsim_script.tcl
# xsim {stress_fifo_3_4_snap} -autoloadwcfg -runall
Vivado Simulator 2020.2
Time resolution is 1 ps
run -all
stress fifo_3_4: 30 random packets, random sum/err, random gaps
ERROR t=8990000: beat #151 data got 1326 expected 1327
ERROR t=8990000: beat #151 sop wrong
ERROR t=9010000: beat #152 data got 1326 expected 1328
ERROR t=9010000: beat #152 sop wrong
ERROR t=9030000: beat #153 data got 1326 expected 1329
ERROR t=9030000: beat #153 sop wrong
ERROR t=9050000: beat #154 data got 1326 expected 132a
ERROR t=9050000: beat #154 sop wrong
--------------------------------------------------
stress fifo_3_4 : expected beats = 354, observed beats = 381
NOTE: expected (354) != observed (381)
RESULT stress fifo_3_4: FAIL (270 error(s))
--------------------------------------------------
$finish called at time : 23471 ns : File "D:/coding/verilog/xc7k70t/project_fifo/sim_verify/stress_fifo_3_4.v" Line 97
exit
INFO: [Common 17-206] Exiting xsim at Mon Sep 28 21:10:35 2026...
