#-----------------------------------------------------------
# xsim v2020.2 (64-bit)
# SW Build 3064766 on Wed Nov 18 09:12:45 MST 2020
# IP Build 3064653 on Wed Nov 18 14:17:31 MST 2020
# Start of session at: Sun Sep 27 19:21:24 2026
# Process ID: 7812
# Current directory: D:/coding/verilog/xc7k70t/project_fifo/sim_verify
# Command line: xsim.exe -log sim_dbg3_fifo_1_7.log -mode tcl -source {xsim.dir/dbg3_fifo_1_7_snap/xsim_script.tcl}
# Log file: D:/coding/verilog/xc7k70t/project_fifo/sim_verify/sim_dbg3_fifo_1_7.log
# Journal file: D:/coding/verilog/xc7k70t/project_fifo/sim_verify\xsim.jou
#-----------------------------------------------------------
source xsim.dir/dbg3_fifo_1_7_snap/xsim_script.tcl
# xsim {dbg3_fifo_1_7_snap} -autoloadwcfg -runall
Vivado Simulator 2020.2
Time resolution is 1 ps
run -all
=== USE_RDY=0  packets=25  expected=199 observed=199  throttle=0 ===
  [0] exp d=5e s=1 e=0 | got d=5e s=1 e=0
  [1] exp d=81 s=0 e=0 | got d=81 s=0 e=0
  [2] exp d=56 s=0 e=0 | got d=56 s=0 e=0
  [3] exp d=63 s=0 e=0 | got d=63 s=0 e=0
  [4] exp d=99 s=0 e=0 | got d=99 s=0 e=0
  [5] exp d=8d s=0 e=0 | got d=8d s=0 e=0
  [6] exp d=52 s=0 e=0 | got d=52 s=0 e=0
  [7] exp d=12 s=0 e=0 | got d=12 s=0 e=0
  [8] exp d=f1 s=0 e=1 | got d=f1 s=0 e=1
  [9] exp d=e9 s=1 e=0 | got d=e9 s=1 e=0
  [10] exp d=f9 s=0 e=0 | got d=f9 s=0 e=0
  [11] exp d=84 s=0 e=0 | got d=84 s=0 e=0
  [12] exp d=c5 s=0 e=0 | got d=c5 s=0 e=0
  [13] exp d=f7 s=0 e=0 | got d=f7 s=0 e=0
  [14] exp d=e5 s=0 e=0 | got d=e5 s=0 e=0
  [15] exp d=d6 s=0 e=0 | got d=d6 s=0 e=0
  [16] exp d=12 s=0 e=0 | got d=12 s=0 e=0
  [17] exp d=96 s=0 e=0 | got d=96 s=0 e=0
  [18] exp d=ce s=0 e=1 | got d=ce s=0 e=1
  [19] exp d=28 s=1 e=0 | got d=28 s=1 e=0
  [20] exp d=bd s=0 e=0 | got d=bd s=0 e=0
  [21] exp d=26 s=0 e=0 | got d=26 s=0 e=0
  [22] exp d=65 s=0 e=0 | got d=65 s=0 e=0
  [23] exp d=87 s=0 e=0 | got d=87 s=0 e=0
RESULT dbg3 (USE_RDY=0): CLEAN
$finish called at time : 20251 ns : File "D:/coding/verilog/xc7k70t/project_fifo/sim_verify/dbg3_fifo_1_7.v" Line 110
exit
INFO: [Common 17-206] Exiting xsim at Sun Sep 27 19:21:26 2026...
