#-----------------------------------------------------------
# xsim v2020.2 (64-bit)
# SW Build 3064766 on Wed Nov 18 09:12:45 MST 2020
# IP Build 3064653 on Wed Nov 18 14:17:31 MST 2020
# Start of session at: Mon Sep 28 00:08:50 2026
# Process ID: 24808
# Current directory: D:/coding/verilog/xc7k70t/project_fifo/sim_verify
# Command line: xsim.exe -log sim_probe_fifo_3_2.log -mode tcl -source {xsim.dir/probe_fifo_3_2_snap/xsim_script.tcl}
# Log file: D:/coding/verilog/xc7k70t/project_fifo/sim_verify/sim_probe_fifo_3_2.log
# Journal file: D:/coding/verilog/xc7k70t/project_fifo/sim_verify\xsim.jou
#-----------------------------------------------------------
source xsim.dir/probe_fifo_3_2_snap/xsim_script.tcl
# xsim {probe_fifo_3_2_snap} -autoloadwcfg -runall
Vivado Simulator 2020.2
Time resolution is 1 ps
run -all
probe fifo_3_2: sending 1 packet of 3 words: 1111(sop) 2222 3333(eop)
--------------------------------------------------
probe fifo_3_2 : sent 3 words, output beats = 0 (expected 3)
RESULT probe fifo_3_2: NOTHING CAME OUT
--------------------------------------------------
$finish called at time : 8251 ns : File "D:/coding/verilog/xc7k70t/project_fifo/sim_verify/probe_fifo_3_2.v" Line 42
exit
INFO: [Common 17-206] Exiting xsim at Mon Sep 28 00:08:55 2026...
