#-----------------------------------------------------------
# xsim v2020.2 (64-bit)
# SW Build 3064766 on Wed Nov 18 09:12:45 MST 2020
# IP Build 3064653 on Wed Nov 18 14:17:31 MST 2020
# Start of session at: Fri Sep 25 14:34:44 2026
# Process ID: 19004
# Current directory: D:/coding/verilog/xc7k70t/project_fifo/sim_verify
# Command line: xsim.exe -log sim_chk_fifo_2_6.log -mode tcl -source {xsim.dir/chk_fifo_2_6_snap/xsim_script.tcl}
# Log file: D:/coding/verilog/xc7k70t/project_fifo/sim_verify/sim_chk_fifo_2_6.log
# Journal file: D:/coding/verilog/xc7k70t/project_fifo/sim_verify\xsim.jou
#-----------------------------------------------------------
source xsim.dir/chk_fifo_2_6_snap/xsim_script.tcl
# xsim {chk_fifo_2_6_snap} -autoloadwcfg -runall
Vivado Simulator 2020.2
Time resolution is 1 ps
run -all
WARNING: Behavioral models for independent clock FIFO configurations do not model synchronization delays. The behavioral models are functionally correct, and will represent the behavior of the configured FIFO. See the FIFO Generator User Guide for more information.
WARNING: Behavioral models for independent clock FIFO configurations do not model synchronization delays. The behavioral models are functionally correct, and will represent the behavior of the configured FIFO. See the FIFO Generator User Guide for more information.
WARNING: Behavioral models for independent clock FIFO configurations do not model synchronization delays. The behavioral models are functionally correct, and will represent the behavior of the configured FIFO. See the FIFO Generator User Guide for more information.
--------------------------------------------------
fifo_2_6 : emitted a/b/c = 16/21/31 (expected 16/21/31)
fifo_2_6 : total beats = 68 (pre-stimulus beats = 0)
RESULT fifo_2_6: PASS (packets whole, in order, markers correct)
--------------------------------------------------
$finish called at time : 22 us : File "D:/coding/verilog/xc7k70t/project_fifo/sim_verify/chk_fifo_2_6.v" Line 141
exit
INFO: [Common 17-206] Exiting xsim at Fri Sep 25 14:34:46 2026...
