#-----------------------------------------------------------
# xsim v2020.2 (64-bit)
# SW Build 3064766 on Wed Nov 18 09:12:45 MST 2020
# IP Build 3064653 on Wed Nov 18 14:17:31 MST 2020
# Start of session at: Fri Sep 25 14:32:58 2026
# Process ID: 22400
# Current directory: D:/coding/verilog/xc7k70t/project_fifo/sim_verify
# Command line: xsim.exe -log sim_chk_fifo_1_2.log -mode tcl -source {xsim.dir/chk_fifo_1_2_snap/xsim_script.tcl}
# Log file: D:/coding/verilog/xc7k70t/project_fifo/sim_verify/sim_chk_fifo_1_2.log
# Journal file: D:/coding/verilog/xc7k70t/project_fifo/sim_verify\xsim.jou
#-----------------------------------------------------------
source xsim.dir/chk_fifo_1_2_snap/xsim_script.tcl
# xsim {chk_fifo_1_2_snap} -autoloadwcfg -runall
Vivado Simulator 2020.2
Time resolution is 1 ps
run -all
WARNING: Behavioral models for independent clock FIFO configurations do not model synchronization delays. The behavioral models are functionally correct, and will represent the behavior of the configured FIFO. See the FIFO Generator User Guide for more information.
--------------------------------------------------
fifo_1_2 : accepted writes = 62  -> expected bytes = 124
fifo_1_2 : output bytes    = 124
RESULT fifo_1_2: PASS (MSB-first byte split, in order, aligned)
--------------------------------------------------
$finish called at time : 30 us : File "D:/coding/verilog/xc7k70t/project_fifo/sim_verify/chk_fifo_1_2.v" Line 74
exit
INFO: [Common 17-206] Exiting xsim at Fri Sep 25 14:33:01 2026...
