#-----------------------------------------------------------
# xsim v2020.2 (64-bit)
# SW Build 3064766 on Wed Nov 18 09:12:45 MST 2020
# IP Build 3064653 on Wed Nov 18 14:17:31 MST 2020
# Start of session at: Sun Sep 27 19:34:10 2026
# Process ID: 16472
# Current directory: D:/coding/verilog/xc7k70t/project_fifo/sim_verify
# Command line: xsim.exe -log sim_dbg_fifo_2_1_thd0.log -mode tcl -source {xsim.dir/dbg_fifo_2_1_thd0_snap/xsim_script.tcl}
# Log file: D:/coding/verilog/xc7k70t/project_fifo/sim_verify/sim_dbg_fifo_2_1_thd0.log
# Journal file: D:/coding/verilog/xc7k70t/project_fifo/sim_verify\xsim.jou
#-----------------------------------------------------------
source xsim.dir/dbg_fifo_2_1_thd0_snap/xsim_script.tcl
# xsim {dbg_fifo_2_1_thd0_snap} -autoloadwcfg -runall
Vivado Simulator 2020.2
Time resolution is 1 ps
run -all
cfg_thd=0, nothing ever written: dout_vld beats = 37, last dout = 00
RESULT thd0: PHANTOM VALID - 37 dout_vld beats with an empty FIFO
$finish called at time : 800 ns : File "D:/coding/verilog/xc7k70t/project_fifo/sim_verify/dbg_fifo_2_1_thd0.v" Line 30
exit
INFO: [Common 17-206] Exiting xsim at Sun Sep 27 19:34:15 2026...
