#-----------------------------------------------------------
# xsim v2020.2 (64-bit)
# SW Build 3064766 on Wed Nov 18 09:12:45 MST 2020
# IP Build 3064653 on Wed Nov 18 14:17:31 MST 2020
# Start of session at: Sun Sep 27 19:17:56 2026
# Process ID: 23900
# Current directory: D:/coding/verilog/xc7k70t/project_fifo/sim_verify
# Command line: xsim.exe -log sim_chk_fifo_1_7.log -mode tcl -source {xsim.dir/chk_fifo_1_7_snap/xsim_script.tcl}
# Log file: D:/coding/verilog/xc7k70t/project_fifo/sim_verify/sim_chk_fifo_1_7.log
# Journal file: D:/coding/verilog/xc7k70t/project_fifo/sim_verify\xsim.jou
#-----------------------------------------------------------
source xsim.dir/chk_fifo_1_7_snap/xsim_script.tcl
# xsim {chk_fifo_1_7_snap} -autoloadwcfg -runall
Vivado Simulator 2020.2
Time resolution is 1 ps
run -all
--------------------------------------------------
fifo_1_7 : expected valid bytes = 16, observed = 16
fifo_1_7 : unqualified-eop cycles = 0
RESULT fifo_1_7: PASS (mty honoured both ways, MSB-first)
--------------------------------------------------
$finish called at time : 10 us : File "D:/coding/verilog/xc7k70t/project_fifo/sim_verify/chk_fifo_1_7.v" Line 102
exit
INFO: [Common 17-206] Exiting xsim at Sun Sep 27 19:18:02 2026...
