#-----------------------------------------------------------
# xsim v2020.2 (64-bit)
# SW Build 3064766 on Wed Nov 18 09:12:45 MST 2020
# IP Build 3064653 on Wed Nov 18 14:17:31 MST 2020
# Start of session at: Mon Sep 28 00:08:35 2026
# Process ID: 1508
# Current directory: D:/coding/verilog/xc7k70t/project_fifo/sim_verify
# Command line: xsim.exe -log sim_probe_fifo_3_1.log -mode tcl -source {xsim.dir/probe_fifo_3_1_snap/xsim_script.tcl}
# Log file: D:/coding/verilog/xc7k70t/project_fifo/sim_verify/sim_probe_fifo_3_1.log
# Journal file: D:/coding/verilog/xc7k70t/project_fifo/sim_verify\xsim.jou
#-----------------------------------------------------------
source xsim.dir/probe_fifo_3_1_snap/xsim_script.tcl
# xsim {probe_fifo_3_1_snap} -autoloadwcfg -runall
Vivado Simulator 2020.2
Time resolution is 1 ps
run -all
probe fifo_3_1: sending 1 packet of 3 bytes: 11(sop) 22 33(eop)
  out beat 1: data=11 sop=1 eop=0  (t=270000)
  out beat 2: data=22 sop=0 eop=0  (t=290000)
  out beat 3: data=33 sop=0 eop=1  (t=310000)
--------------------------------------------------
probe fifo_3_1 : sent 3 bytes, output beats = 3 (expected 3)
RESULT probe fifo_3_1: all 3 bytes emitted
--------------------------------------------------
$finish called at time : 4251 ns : File "D:/coding/verilog/xc7k70t/project_fifo/sim_verify/probe_fifo_3_1.v" Line 40
exit
INFO: [Common 17-206] Exiting xsim at Mon Sep 28 00:08:39 2026...
